[2026-09-26T10:09:45.538Z] "GET /v1/healthz HTTP/1.1" 200 -
[2026-09-26T10:09:47.584Z] "GET /v1/metadata HTTP/1.1" 200 -
[2026-09-26T10:09:49.636Z] "POST /v1/context HTTP/1.1" 200 -
[2026-09-26T10:09:51.697Z] "POST /v1/context HTTP/1.1" 200 -
[2026-09-26T10:09:53.765Z] "POST /v1/context HTTP/1.1" 200 -
[2026-09-26T10:09:55.824Z] "POST /v1/context HTTP/1.1" 200 -
[2026-09-26T10:09:57.897Z] "POST /v1/context HTTP/1.1" 200 -
[2026-09-26T10:09:59.948Z] "POST /v1/context HTTP/1.1" 200 -
[2026-09-26T10:10:02.005Z] "POST /v1/context HTTP/1.1" 200 -
[2026-09-26T10:10:04.056Z] "POST /v1/context HTTP/1.1" 200 -
[2026-09-26T10:10:06.097Z] "POST /v1/context HTTP/1.1" 200 -
[2026-09-26T10:10:08.154Z] "POST /v1/context HTTP/1.1" 200 -
[2026-09-26T10:10:10.200Z] "POST /v1/context HTTP/1.1" 200 -
[2026-09-26T10:10:12.244Z] "POST /v1/context HTTP/1.1" 200 -
[2026-09-26T10:10:14.316Z] "POST /v1/context HTTP/1.1" 200 -
[2026-09-26T10:10:16.377Z] "POST /v1/context HTTP/1.1" 200 -
[2026-09-26T10:10:18.435Z] "POST /v1/context HTTP/1.1" 200 -
[2026-09-26T10:10:20.492Z] "POST /v1/context HTTP/1.1" 409 -
[2026-09-26T10:10:22.566Z] "POST /v1/context HTTP/1.1" 200 -
[2026-09-26T10:10:24.640Z] "POST /v1/context HTTP/1.1" 409 -
[2026-09-26T10:10:26.711Z] "GET /v1/healthz HTTP/1.1" 200 -
[2026-09-26T10:10:28.774Z] "POST /v1/context HTTP/1.1" 200 -
[2026-09-26T10:10:30.848Z] "POST /v1/context HTTP/1.1" 200 -
[2026-09-26T10:10:32.908Z] "POST /v1/context HTTP/1.1" 200 -
[2026-09-26T10:10:34.997Z] "POST /v1/tick HTTP/1.1" 200 -
[2026-09-26T10:10:37.056Z] "POST /v1/tick HTTP/1.1" 200 -
[2026-09-26T10:10:39.089Z] "POST /v1/context HTTP/1.1" 409 -
[2026-09-26T10:10:41.125Z] "POST /v1/context HTTP/1.1" 409 -
[2026-09-26T10:10:43.197Z] "POST /v1/context HTTP/1.1" 409 -
[2026-09-26T10:10:45.254Z] "POST /v1/context HTTP/1.1" 200 -
[2026-09-26T10:10:47.312Z] "POST /v1/context HTTP/1.1" 200 -
[2026-09-26T10:10:49.401Z] "POST /v1/context HTTP/1.1" 200 -
[2026-09-26T10:10:51.471Z] "POST /v1/context HTTP/1.1" 200 -
[2026-09-26T10:10:53.503Z] "POST /v1/context HTTP/1.1" 200 -
[2026-09-26T10:10:55.556Z] "POST /v1/context HTTP/1.1" 200 -
[2026-09-26T10:10:57.621Z] "POST /v1/context HTTP/1.1" 200 -
[2026-09-26T10:10:59.690Z] "POST /v1/context HTTP/1.1" 200 -
[2026-09-26T10:11:01.735Z] "POST /v1/context HTTP/1.1" 200 -
[2026-09-26T10:11:03.795Z] "POST /v1/context HTTP/1.1" 200 -
[2026-09-26T10:11:05.835Z] "POST /v1/context HTTP/1.1" 200 -
[2026-09-26T10:11:07.901Z] "POST /v1/context HTTP/1.1" 200 -
[2026-09-26T10:11:09.954Z] "POST /v1/context HTTP/1.1" 200 -
[2026-09-26T10:11:11.991Z] "POST /v1/context HTTP/1.1" 200 -
[2026-09-26T10:11:14.034Z] "POST /v1/context HTTP/1.1" 200 -
[2026-09-26T10:11:16.097Z] "POST /v1/context HTTP/1.1" 200 -
[2026-09-26T10:11:18.165Z] "POST /v1/context HTTP/1.1" 200 -
[2026-09-26T10:11:20.227Z] "POST /v1/context HTTP/1.1" 200 -
[2026-09-26T10:11:22.292Z] "POST /v1/context HTTP/1.1" 200 -
[2026-09-26T10:11:24.352Z] "POST /v1/context HTTP/1.1" 200 -
[2026-09-26T10:11:26.411Z] "POST /v1/context HTTP/1.1" 200 -
[2026-09-26T10:11:28.455Z] "POST /v1/context HTTP/1.1" 200 -
[2026-09-26T10:11:30.508Z] "POST /v1/context HTTP/1.1" 200 -
[2026-09-26T10:11:32.555Z] "POST /v1/context HTTP/1.1" 200 -
[2026-09-26T10:11:34.592Z] "POST /v1/context HTTP/1.1" 200 -
[2026-09-26T10:11:36.642Z] "POST /v1/context HTTP/1.1" 200 -
[2026-09-26T10:11:38.696Z] "POST /v1/context HTTP/1.1" 200 -
[2026-09-26T10:11:40.762Z] "POST /v1/context HTTP/1.1" 200 -
[2026-09-26T10:11:42.826Z] "POST /v1/context HTTP/1.1" 200 -
[2026-09-26T10:11:44.894Z] "POST /v1/context HTTP/1.1" 200 -
[2026-09-26T10:11:46.929Z] "POST /v1/context HTTP/1.1" 200 -
[2026-09-26T10:11:48.970Z] "POST /v1/context HTTP/1.1" 200 -
[2026-09-26T10:11:51.026Z] "POST /v1/context HTTP/1.1" 200 -
[2026-09-26T10:11:53.059Z] "POST /v1/context HTTP/1.1" 200 -
[2026-09-26T10:11:55.121Z] "POST /v1/context HTTP/1.1" 200 -
[2026-09-26T10:11:57.180Z] "POST /v1/context HTTP/1.1" 200 -
[2026-09-26T10:11:59.227Z] "POST /v1/context HTTP/1.1" 200 -
[2026-09-26T10:12:01.297Z] "POST /v1/tick HTTP/1.1" 200 -
[2026-09-26T10:12:03.350Z] "POST /v1/tick HTTP/1.1" 200 -
[2026-09-26T10:12:05.396Z] "POST /v1/tick HTTP/1.1" 200 -
[2026-09-26T10:12:07.442Z] "POST /v1/tick HTTP/1.1" 200 -
[2026-09-26T10:12:09.455Z] "POST /v1/tick HTTP/1.1" 200 -
[2026-09-26T10:12:11.513Z] "POST /v1/reply HTTP/1.1" 200 -
[2026-09-26T10:12:13.531Z] "POST /v1/reply HTTP/1.1" 200 -
[2026-09-26T10:12:15.577Z] "POST /v1/reply HTTP/1.1" 200 -
[2026-09-26T10:12:17.650Z] "POST /v1/reply HTTP/1.1" 200 -
[2026-09-26T10:12:19.710Z] "POST /v1/reply HTTP/1.1" 200 -
[2026-09-26T10:12:21.782Z] "POST /v1/context HTTP/1.1" 200 -
[2026-09-26T10:12:23.840Z] "POST /v1/tick HTTP/1.1" 200 -
[2026-09-26T10:12:25.915Z] "POST /v1/reply HTTP/1.1" 200 -
[2026-09-26T10:12:27.971Z] "POST /v1/reply HTTP/1.1" 200 -
[2026-09-26T10:12:30.044Z] "POST /v1/reply HTTP/1.1" 200 -
[2026-09-26T10:12:32.088Z] "POST /v1/context HTTP/1.1" 200 -
[2026-09-26T10:12:34.148Z] "POST /v1/context HTTP/1.1" 200 -
[2026-09-26T10:12:36.216Z] "POST /v1/tick HTTP/1.1" 200 -
[2026-09-26T10:12:38.266Z] "POST /v1/context HTTP/1.1" 200 -
[2026-09-26T10:12:40.340Z] "POST /v1/tick HTTP/1.1" 200 -
